{
  "version": "1.5.0",
  "plugins_used": [
    {
      "name": "ArtifactoryDetector"
    },
    {
      "name": "AWSKeyDetector"
    },
    {
      "name": "AzureStorageKeyDetector"
    },
    {
      "name": "Base64HighEntropyString",
      "limit": 4.5
    },
    {
      "name": "BasicAuthDetector"
    },
    {
      "name": "CloudantDetector"
    },
    {
      "name": "DiscordBotTokenDetector"
    },
    {
      "name": "GitHubTokenDetector"
    },
    {
      "name": "GitLabTokenDetector"
    },
    {
      "name": "HexHighEntropyString",
      "limit": 3.0
    },
    {
      "name": "IbmCloudIamDetector"
    },
    {
      "name": "IbmCosHmacDetector"
    },
    {
      "name": "IPPublicDetector"
    },
    {
      "name": "JwtTokenDetector"
    },
    {
      "name": "KeywordDetector",
      "keyword_exclude": ""
    },
    {
      "name": "MailchimpDetector"
    },
    {
      "name": "NpmDetector"
    },
    {
      "name": "OpenAIDetector"
    },
    {
      "name": "PrivateKeyDetector"
    },
    {
      "name": "PypiTokenDetector"
    },
    {
      "name": "SendGridDetector"
    },
    {
      "name": "SlackDetector"
    },
    {
      "name": "SoftlayerDetector"
    },
    {
      "name": "SquareOAuthDetector"
    },
    {
      "name": "StripeDetector"
    },
    {
      "name": "TelegramBotTokenDetector"
    },
    {
      "name": "TwilioKeyDetector"
    }
  ],
  "filters_used": [
    {
      "path": "detect_secrets.filters.allowlist.is_line_allowlisted"
    },
    {
      "path": "detect_secrets.filters.common.is_baseline_file",
      "filename": ".secrets.baseline"
    },
    {
      "path": "detect_secrets.filters.common.is_ignored_due_to_verification_policies",
      "min_level": 2
    },
    {
      "path": "detect_secrets.filters.heuristic.is_indirect_reference"
    },
    {
      "path": "detect_secrets.filters.heuristic.is_likely_id_string"
    },
    {
      "path": "detect_secrets.filters.heuristic.is_lock_file"
    },
    {
      "path": "detect_secrets.filters.heuristic.is_not_alphanumeric_string"
    },
    {
      "path": "detect_secrets.filters.heuristic.is_potential_uuid"
    },
    {
      "path": "detect_secrets.filters.heuristic.is_prefixed_with_dollar_sign"
    },
    {
      "path": "detect_secrets.filters.heuristic.is_sequential_string"
    },
    {
      "path": "detect_secrets.filters.heuristic.is_swagger_file"
    },
    {
      "path": "detect_secrets.filters.heuristic.is_templated_secret"
    },
    {
      "path": "detect_secrets.filters.regex.should_exclude_file",
      "pattern": [
        "package-lock\\.json|poetry\\.lock"
      ]
    }
  ],
  "results": {
    "examples/node/.env.example": [
      {
        "type": "Basic Auth Credentials",
        "filename": "examples/node/.env.example",
        "hashed_secret": "5baa61e4c9b93f3f0682250b6cf8331b7ee68fd8",
        "is_verified": false,
        "line_number": 5
      }
    ],
    "examples/node/tests/integration/health.test.ts": [
      {
        "type": "Basic Auth Credentials",
        "filename": "examples/node/tests/integration/health.test.ts",
        "hashed_secret": "a94a8fe5ccb19ba61c4c0873d391e987982fbbd3",
        "is_verified": false,
        "line_number": 10
      },
      {
        "type": "Secret Keyword",
        "filename": "examples/node/tests/integration/health.test.ts",
        "hashed_secret": "e5adea49e924131ef91451b78aabc2d665505be1",
        "is_verified": false,
        "line_number": 11
      }
    ],
    "examples/node/tests/unit/auth.test.ts": [
      {
        "type": "Basic Auth Credentials",
        "filename": "examples/node/tests/unit/auth.test.ts",
        "hashed_secret": "a94a8fe5ccb19ba61c4c0873d391e987982fbbd3",
        "is_verified": false,
        "line_number": 8
      },
      {
        "type": "Secret Keyword",
        "filename": "examples/node/tests/unit/auth.test.ts",
        "hashed_secret": "e5adea49e924131ef91451b78aabc2d665505be1",
        "is_verified": false,
        "line_number": 9
      },
      {
        "type": "Secret Keyword",
        "filename": "examples/node/tests/unit/auth.test.ts",
        "hashed_secret": "f13733f6dd9f1ed3118e2da31428c71eab5ffd99",
        "is_verified": false,
        "line_number": 21
      }
    ],
    "examples/node/tests/unit/schemas.test.ts": [
      {
        "type": "Secret Keyword",
        "filename": "examples/node/tests/unit/schemas.test.ts",
        "hashed_secret": "f13733f6dd9f1ed3118e2da31428c71eab5ffd99",
        "is_verified": false,
        "line_number": 17
      },
      {
        "type": "Secret Keyword",
        "filename": "examples/node/tests/unit/schemas.test.ts",
        "hashed_secret": "a0f4ea7d91495df92bbac2e2149dfb850fe81396",
        "is_verified": false,
        "line_number": 39
      },
      {
        "type": "Secret Keyword",
        "filename": "examples/node/tests/unit/schemas.test.ts",
        "hashed_secret": "f0fb62ead4d954c5b8e825427042a3ef33c7a2d9",
        "is_verified": false,
        "line_number": 62
      }
    ],
    "examples/python/.env.example": [
      {
        "type": "Basic Auth Credentials",
        "filename": "examples/python/.env.example",
        "hashed_secret": "5baa61e4c9b93f3f0682250b6cf8331b7ee68fd8",
        "is_verified": false,
        "line_number": 5
      }
    ],
    "examples/python/README.md": [
      {
        "type": "Secret Keyword",
        "filename": "examples/python/README.md",
        "hashed_secret": "44cdfc3615970ada14420caaaa5c5745fca06002",
        "is_verified": false,
        "line_number": 225
      }
    ],
    "examples/python/alembic.ini": [
      {
        "type": "Basic Auth Credentials",
        "filename": "examples/python/alembic.ini",
        "hashed_secret": "9d4e1e23bd5b727046a9e3b4b7db57bd8d6ee684",
        "is_verified": false,
        "line_number": 6
      }
    ],
    "examples/python/tests/conftest.py": [
      {
        "type": "Secret Keyword",
        "filename": "examples/python/tests/conftest.py",
        "hashed_secret": "e5adea49e924131ef91451b78aabc2d665505be1",
        "is_verified": false,
        "line_number": 27
      }
    ],
    "examples/python/tests/integration/test_auth_api.py": [
      {
        "type": "Secret Keyword",
        "filename": "examples/python/tests/integration/test_auth_api.py",
        "hashed_secret": "f13733f6dd9f1ed3118e2da31428c71eab5ffd99",
        "is_verified": false,
        "line_number": 21
      },
      {
        "type": "Secret Keyword",
        "filename": "examples/python/tests/integration/test_auth_api.py",
        "hashed_secret": "e8662cfb96bd9c7fe84c31d76819ec3a92c80e63",
        "is_verified": false,
        "line_number": 49
      },
      {
        "type": "Secret Keyword",
        "filename": "examples/python/tests/integration/test_auth_api.py",
        "hashed_secret": "f0fb62ead4d954c5b8e825427042a3ef33c7a2d9",
        "is_verified": false,
        "line_number": 93
      }
    ],
    "examples/python/tests/integration/test_users_api.py": [
      {
        "type": "Secret Keyword",
        "filename": "examples/python/tests/integration/test_users_api.py",
        "hashed_secret": "f13733f6dd9f1ed3118e2da31428c71eab5ffd99",
        "is_verified": false,
        "line_number": 20
      },
      {
        "type": "Secret Keyword",
        "filename": "examples/python/tests/integration/test_users_api.py",
        "hashed_secret": "9afdcff707949b5618f1eb14e335960dff32822b",
        "is_verified": false,
        "line_number": 51
      },
      {
        "type": "Secret Keyword",
        "filename": "examples/python/tests/integration/test_users_api.py",
        "hashed_secret": "a0f4ea7d91495df92bbac2e2149dfb850fe81396",
        "is_verified": false,
        "line_number": 83
      }
    ],
    "examples/python/tests/unit/test_auth_service.py": [
      {
        "type": "Secret Keyword",
        "filename": "examples/python/tests/unit/test_auth_service.py",
        "hashed_secret": "e5adea49e924131ef91451b78aabc2d665505be1",
        "is_verified": false,
        "line_number": 14
      },
      {
        "type": "Secret Keyword",
        "filename": "examples/python/tests/unit/test_auth_service.py",
        "hashed_secret": "f13733f6dd9f1ed3118e2da31428c71eab5ffd99",
        "is_verified": false,
        "line_number": 33
      }
    ],
    "examples/python/tests/unit/test_user_service.py": [
      {
        "type": "Secret Keyword",
        "filename": "examples/python/tests/unit/test_user_service.py",
        "hashed_secret": "e5adea49e924131ef91451b78aabc2d665505be1",
        "is_verified": false,
        "line_number": 17
      },
      {
        "type": "Secret Keyword",
        "filename": "examples/python/tests/unit/test_user_service.py",
        "hashed_secret": "f13733f6dd9f1ed3118e2da31428c71eab5ffd99",
        "is_verified": false,
        "line_number": 47
      },
      {
        "type": "Secret Keyword",
        "filename": "examples/python/tests/unit/test_user_service.py",
        "hashed_secret": "9afdcff707949b5618f1eb14e335960dff32822b",
        "is_verified": false,
        "line_number": 71
      },
      {
        "type": "Secret Keyword",
        "filename": "examples/python/tests/unit/test_user_service.py",
        "hashed_secret": "e8662cfb96bd9c7fe84c31d76819ec3a92c80e63",
        "is_verified": false,
        "line_number": 190
      },
      {
        "type": "Secret Keyword",
        "filename": "examples/python/tests/unit/test_user_service.py",
        "hashed_secret": "f0fb62ead4d954c5b8e825427042a3ef33c7a2d9",
        "is_verified": false,
        "line_number": 205
      }
    ],
    "libs/node/README.md": [
      {
        "type": "Secret Keyword",
        "filename": "libs/node/README.md",
        "hashed_secret": "0bd236540b3fbc3c568f3abf80895e259f4d6869",
        "is_verified": false,
        "line_number": 207
      }
    ],
    "libs/node/tests/config.test.ts": [
      {
        "type": "Secret Keyword",
        "filename": "libs/node/tests/config.test.ts",
        "hashed_secret": "a0f4ea7d91495df92bbac2e2149dfb850fe81396",
        "is_verified": false,
        "line_number": 40
      },
      {
        "type": "Basic Auth Credentials",
        "filename": "libs/node/tests/config.test.ts",
        "hashed_secret": "5baa61e4c9b93f3f0682250b6cf8331b7ee68fd8",
        "is_verified": false,
        "line_number": 155
      },
      {
        "type": "Secret Keyword",
        "filename": "libs/node/tests/config.test.ts",
        "hashed_secret": "fbfe9d78bfeefd9fb69ea1396e2dea9a367c68e7",
        "is_verified": false,
        "line_number": 156
      },
      {
        "type": "Secret Keyword",
        "filename": "libs/node/tests/config.test.ts",
        "hashed_secret": "cb9c08786434b8f7edd26f6aaf004534860a586e",
        "is_verified": false,
        "line_number": 177
      },
      {
        "type": "Secret Keyword",
        "filename": "libs/node/tests/config.test.ts",
        "hashed_secret": "7b3268448a6dbfb74c12605e1b64f0359544f0c5",
        "is_verified": false,
        "line_number": 191
      },
      {
        "type": "Secret Keyword",
        "filename": "libs/node/tests/config.test.ts",
        "hashed_secret": "aab1345da03ca499414e2b866631bae5009c4281",
        "is_verified": false,
        "line_number": 234
      }
    ],
    "libs/node/tests/security.test.ts": [
      {
        "type": "Secret Keyword",
        "filename": "libs/node/tests/security.test.ts",
        "hashed_secret": "f13733f6dd9f1ed3118e2da31428c71eab5ffd99",
        "is_verified": false,
        "line_number": 15
      },
      {
        "type": "Secret Keyword",
        "filename": "libs/node/tests/security.test.ts",
        "hashed_secret": "1505bc3ceaf7bf3b4001611fce83aa96e7d39b68",
        "is_verified": false,
        "line_number": 102
      },
      {
        "type": "Secret Keyword",
        "filename": "libs/node/tests/security.test.ts",
        "hashed_secret": "84ecdc97fb699b30d12525ab5bada59d003877eb",
        "is_verified": false,
        "line_number": 103
      }
    ],
    "libs/python/tests/conftest.py": [
      {
        "type": "Basic Auth Credentials",
        "filename": "libs/python/tests/conftest.py",
        "hashed_secret": "9d4e1e23bd5b727046a9e3b4b7db57bd8d6ee684",
        "is_verified": false,
        "line_number": 32
      }
    ],
    "libs/python/tests/test_config.py": [
      {
        "type": "Secret Keyword",
        "filename": "libs/python/tests/test_config.py",
        "hashed_secret": "a0f4ea7d91495df92bbac2e2149dfb850fe81396",
        "is_verified": false,
        "line_number": 42
      },
      {
        "type": "Basic Auth Credentials",
        "filename": "libs/python/tests/test_config.py",
        "hashed_secret": "9d4e1e23bd5b727046a9e3b4b7db57bd8d6ee684",
        "is_verified": false,
        "line_number": 86
      }
    ],
    "libs/python/tests/test_db.py": [
      {
        "type": "Basic Auth Credentials",
        "filename": "libs/python/tests/test_db.py",
        "hashed_secret": "9d4e1e23bd5b727046a9e3b4b7db57bd8d6ee684",
        "is_verified": false,
        "line_number": 33
      }
    ],
    "libs/python/tests/test_security.py": [
      {
        "type": "Secret Keyword",
        "filename": "libs/python/tests/test_security.py",
        "hashed_secret": "f42a3fabe1e9bed059d727f47eb752e3aa61b977",
        "is_verified": false,
        "line_number": 34
      },
      {
        "type": "Secret Keyword",
        "filename": "libs/python/tests/test_security.py",
        "hashed_secret": "70e0ba9abd09a721f08a1aa8f214425cbfd431df",
        "is_verified": false,
        "line_number": 193
      },
      {
        "type": "Secret Keyword",
        "filename": "libs/python/tests/test_security.py",
        "hashed_secret": "341ce05f80d1f299f0fc5fb5b14b62d30a507f80",
        "is_verified": false,
        "line_number": 194
      },
      {
        "type": "Secret Keyword",
        "filename": "libs/python/tests/test_security.py",
        "hashed_secret": "491e32266864d1393a0476c43381ebae81ece766",
        "is_verified": false,
        "line_number": 206
      }
    ],
    "libs/python/tests/test_testing.py": [
      {
        "type": "Basic Auth Credentials",
        "filename": "libs/python/tests/test_testing.py",
        "hashed_secret": "a94a8fe5ccb19ba61c4c0873d391e987982fbbd3",
        "is_verified": false,
        "line_number": 25
      }
    ],
    "libs/python/tim_lib/security.py": [
      {
        "type": "Secret Keyword",
        "filename": "libs/python/tim_lib/security.py",
        "hashed_secret": "29c32f233d04598b3181c0e27ea0ec7a5c949297",
        "is_verified": false,
        "line_number": 18
      }
    ],
    "libs/python/tim_lib/testing.py": [
      {
        "type": "Secret Keyword",
        "filename": "libs/python/tim_lib/testing.py",
        "hashed_secret": "f7b08f5941dd1edfb0962f7b1d86fff39a3557cc",
        "is_verified": false,
        "line_number": 72
      },
      {
        "type": "Basic Auth Credentials",
        "filename": "libs/python/tim_lib/testing.py",
        "hashed_secret": "a94a8fe5ccb19ba61c4c0873d391e987982fbbd3",
        "is_verified": false,
        "line_number": 77
      },
      {
        "type": "Secret Keyword",
        "filename": "libs/python/tim_lib/testing.py",
        "hashed_secret": "d004a49e359ad8d11d7cb5101d2143b977acd84b",
        "is_verified": false,
        "line_number": 78
      },
      {
        "type": "Secret Keyword",
        "filename": "libs/python/tim_lib/testing.py",
        "hashed_secret": "f13733f6dd9f1ed3118e2da31428c71eab5ffd99",
        "is_verified": false,
        "line_number": 159
      }
    ],
    "standards/security/secrets.md": [
      {
        "type": "Secret Keyword",
        "filename": "standards/security/secrets.md",
        "hashed_secret": "c4e2f9311369460f7302b54d50356a86adc87f97",
        "is_verified": false,
        "line_number": 26
      },
      {
        "type": "Basic Auth Credentials",
        "filename": "standards/security/secrets.md",
        "hashed_secret": "5baa61e4c9b93f3f0682250b6cf8331b7ee68fd8",
        "is_verified": false,
        "line_number": 136
      },
      {
        "type": "Basic Auth Credentials",
        "filename": "standards/security/secrets.md",
        "hashed_secret": "eaec42ede67acb45ff1b315b958d55b6871519ed",
        "is_verified": false,
        "line_number": 198
      }
    ],
    "standards/testing/promotion-gates.md": [
      {
        "type": "Hex High Entropy String",
        "filename": "standards/testing/promotion-gates.md",
        "hashed_secret": "90bd1b48e958257948487b90bee080ba5ed00caa",
        "is_verified": false,
        "line_number": 254
      }
    ],
    "standards/testing/test-data-sot.md": [
      {
        "type": "Secret Keyword",
        "filename": "standards/testing/test-data-sot.md",
        "hashed_secret": "382caa7c44ee23ee25616f7e303af33c591efc3a",
        "is_verified": false,
        "line_number": 61
      },
      {
        "type": "Secret Keyword",
        "filename": "standards/testing/test-data-sot.md",
        "hashed_secret": "b3f377a87c9018caa8aea51da23cdc17c74bc946",
        "is_verified": false,
        "line_number": 69
      },
      {
        "type": "Secret Keyword",
        "filename": "standards/testing/test-data-sot.md",
        "hashed_secret": "151fcb036e1cf85568a88754fcce23079fd2c36f",
        "is_verified": false,
        "line_number": 77
      },
      {
        "type": "Secret Keyword",
        "filename": "standards/testing/test-data-sot.md",
        "hashed_secret": "59b5f35b1aa4c028953107968302765e1dba1cff",
        "is_verified": false,
        "line_number": 86
      },
      {
        "type": "Secret Keyword",
        "filename": "standards/testing/test-data-sot.md",
        "hashed_secret": "49efef5f70d47adc2db2eb397fbef5f7bc560e29",
        "is_verified": false,
        "line_number": 146
      },
      {
        "type": "Secret Keyword",
        "filename": "standards/testing/test-data-sot.md",
        "hashed_secret": "4f700a01520b06b5f046caee252fc9c0baaee06b",
        "is_verified": false,
        "line_number": 147
      }
    ],
    "templates/ci/node-ci.yml": [
      {
        "type": "Secret Keyword",
        "filename": "templates/ci/node-ci.yml",
        "hashed_secret": "a94a8fe5ccb19ba61c4c0873d391e987982fbbd3",
        "is_verified": false,
        "line_number": 101
      },
      {
        "type": "Basic Auth Credentials",
        "filename": "templates/ci/node-ci.yml",
        "hashed_secret": "a94a8fe5ccb19ba61c4c0873d391e987982fbbd3",
        "is_verified": false,
        "line_number": 128
      }
    ],
    "templates/ci/python-ci.yml": [
      {
        "type": "Secret Keyword",
        "filename": "templates/ci/python-ci.yml",
        "hashed_secret": "a94a8fe5ccb19ba61c4c0873d391e987982fbbd3",
        "is_verified": false,
        "line_number": 101
      },
      {
        "type": "Basic Auth Credentials",
        "filename": "templates/ci/python-ci.yml",
        "hashed_secret": "a94a8fe5ccb19ba61c4c0873d391e987982fbbd3",
        "is_verified": false,
        "line_number": 126
      }
    ]
  },
  "generated_at": "2026-03-05T22:33:09Z"
}
